note: verifying module TLAPSBench::zookeeper_leadership

note: recommendation not met
  --> /tmp/tlaps-manual-control-4u6gfb8b/src/protocol/TLAPSBench/zookeeper_leadership.rs:12:76
   |
12 |     requires support::safety_spec(b,c),time >= 0,1 <= epoch <= c.max_epoch,b[time].epoch_leader[epoch].contains(i)
   |                                                                            ^^^^^^^^^^^^^^^^^^^^^^^^^^^
   |
  --> vstd/map.rs:87:12
   |
   = note: recommendation not met

note: recommendation not met
  --> /tmp/tlaps-manual-control-4u6gfb8b/src/protocol/TLAPSBench/zookeeper_leadership.rs:13:51
   |
13 |     ensures 0 <= at <= time,c.servers.contains(i),b[at].election.nodes[i].role == Role::Leading,
   |                                                   ^^^^^^^^^^^^^^^^^^^^^^^
   |
  --> vstd/map.rs:87:12
   |
   = note: recommendation not met

error: assertion failed
  --> /tmp/tlaps-manual-control-4u6gfb8b/src/protocol/TLAPSBench/zookeeper_leadership.rs:21:55
   |
21 |         else { reveal(apply); reveal(enabled); assert(exists |j: int| a == Action::AckEpoch(i,j)); time }
   |                                                       ^^^^^^^^^^^^^^^^^^^^^^^^^^^^^^^^^^^^^^^^^^ assertion failed

verification results:: 5 verified, 1 errors
error: aborting due to 1 previous error

