note: verifying module TLAPSBench::etcd_logs

note: recommendation not met
   --> /tmp/tlaps-manual-control-58cu8axn/src/protocol/TLAPSBench/etcd_logs.rs:161:30
    |
161 |         if prev > 0 { assert(canonical[prev-1] == h[prev-1]); }
    |                              ^^^^^^^^^^^^^^^^^
    |
   --> vstd/seq.rs:972:12
    |
    = note: recommendation not met

error: assertion failed
   --> /tmp/tlaps-manual-control-58cu8axn/src/protocol/TLAPSBench/etcd_logs.rs:161:30
    |
161 |         if prev > 0 { assert(canonical[prev-1] == h[prev-1]); }
    |                              ^^^^^^^^^^^^^^^^^^^^^^^^^^^^^^ assertion failed

note: recommendation not met
   --> /tmp/tlaps-manual-control-58cu8axn/src/protocol/TLAPSBench/etcd_logs.rs:163:34
    |
163 |             if k < prev { assert(canonical[k] == h[k]); }
    |                                  ^^^^^^^^^^^^
    |
   --> vstd/seq.rs:972:12
    |
    = note: recommendation not met

verification results:: 15 verified, 1 errors
error: aborting due to 1 previous error

