note: verifying module TLAPSBench::hashicorp_commit_trace

note: recommendation not met
  --> /tmp/tlaps-manual-control-d12s_pk8/src/protocol/TLAPSBench/hashicorp_commit_trace.rs:86:85
   |
86 |         0 <= time <= horizon,step(b,c,time) == (Action::ProposeConfig { i,member }),b[time].nodes[i].term < bound
   |                                                                                     ^^^^^^^^^^^^^^^^
   |
  --> vstd/map.rs:87:12
   |
   = note: recommendation not met

note: recommendation not met
  --> /tmp/tlaps-manual-control-d12s_pk8/src/protocol/TLAPSBench/hashicorp_commit_trace.rs:92:99
   |
92 |     let origin=coverage_at(b,c,horizon,bound,time,i); let at=origin.0; let writer=origin.1; let n=b[time].nodes[i];
   |                                                                                                   ^^^^^^^^^^^^^^^^
   |
  --> vstd/map.rs:87:12
   |
   = note: recommendation not met

error: assertion failed
   --> /tmp/tlaps-manual-control-d12s_pk8/src/protocol/TLAPSBench/hashicorp_commit_trace.rs:100:12
    |
100 |     assert(b[at].nodes[writer].term == n.term); assert(writer == i); at
    |            ^^^^^^^^^^^^^^^^^^^^^^^^^^^^^^^^^^ assertion failed

verification results:: 2 verified, 1 errors
error: aborting due to 1 previous error

