verification results:: 10 verified, 0 errors
TLC2 Version 2026.09.25.163503 (rev: 8f4bc8b)
Running breadth-first search Model-Checking with fp 110 and seed 1 with 1 worker on 64 cores with 14279MB heap and 64MB offheap memory [pid: 909020] (Linux 7.0.14-5-pve amd64, Debian 21.0.11 64bit, MSBDiskFPSet, DiskStateQueue).
Parsing file /var/tmp/tla-rs/models/non_bft/chain_replication/ChainReplication.tla
Parsing file /tmp/tlc-6908484506875113687/Naturals.tla (jar:file:/tmp/tla-rs-consensus-survey/tla2tools.jar!/tla2sany/StandardModules/Naturals.tla)
Parsing file /tmp/tlc-6908484506875113687/Integers.tla (jar:file:/tmp/tla-rs-consensus-survey/tla2tools.jar!/tla2sany/StandardModules/Integers.tla)
Parsing file /tmp/tlc-6908484506875113687/Sequences.tla (jar:file:/tmp/tla-rs-consensus-survey/tla2tools.jar!/tla2sany/StandardModules/Sequences.tla)
Parsing file /tmp/tlc-6908484506875113687/FiniteSets.tla (jar:file:/tmp/tla-rs-consensus-survey/tla2tools.jar!/tla2sany/StandardModules/FiniteSets.tla)
Semantic processing of module Naturals
Semantic processing of module Integers
Semantic processing of module Sequences
Semantic processing of module FiniteSets
Semantic processing of module ChainReplication
Linting of module ChainReplication
Starting... (2026-09-26 15:50:31)
Computing initial states...
Finished computing initial states: 1 distinct state generated at 2026-09-26 15:50:31.
Model checking completed. No error has been found.
  Estimates of the probability that TLC did not check all reachable states
  because two distinct states had the same fingerprint:
  calculated (optimistic):  val = 1.3E-12
12059 states generated, 2632 distinct states found, 0 states left on queue.
The depth of the complete state graph search is 13.
The average outdegree of the complete state graph is 1 (minimum is 0, the maximum 6 and the 95th percentile is 4).
Finished in 00s at (2026-09-26 15:50:32)
