verification results:: 14 verified, 0 errors
TLC2 Version 2026.09.25.163503 (rev: 8f4bc8b)
Running breadth-first search Model-Checking with fp 9 and seed 1 with 1 worker on 64 cores with 14279MB heap and 64MB offheap memory [pid: 933299] (Linux 7.0.14-5-pve amd64, Debian 21.0.11 64bit, MSBDiskFPSet, DiskStateQueue).
Parsing file /var/tmp/tla-rs/models/non_bft/mencius/CoordinatedPaxos.tla
Parsing file /tmp/tlc-10107559404113231948/Integers.tla (jar:file:/tmp/tla-rs-consensus-survey/tla2tools.jar!/tla2sany/StandardModules/Integers.tla)
Parsing file /tmp/tlc-10107559404113231948/FiniteSets.tla (jar:file:/tmp/tla-rs-consensus-survey/tla2tools.jar!/tla2sany/StandardModules/FiniteSets.tla)
Parsing file /tmp/tlc-10107559404113231948/Naturals.tla (jar:file:/tmp/tla-rs-consensus-survey/tla2tools.jar!/tla2sany/StandardModules/Naturals.tla)
Parsing file /tmp/tlc-10107559404113231948/Sequences.tla (jar:file:/tmp/tla-rs-consensus-survey/tla2tools.jar!/tla2sany/StandardModules/Sequences.tla)
Semantic processing of module Naturals
Semantic processing of module Integers
Semantic processing of module Sequences
Semantic processing of module FiniteSets
Semantic processing of module CoordinatedPaxos
Linting of module CoordinatedPaxos
Starting... (2026-09-26 16:03:39)
Computing initial states...
Finished computing initial states: 1 distinct state generated at 2026-09-26 16:03:40.
Model checking completed. No error has been found.
  Estimates of the probability that TLC did not check all reachable states
  because two distinct states had the same fingerprint:
  calculated (optimistic):  val = 8.2E-12
28903 states generated, 6917 distinct states found, 0 states left on queue.
The depth of the complete state graph search is 13.
The average outdegree of the complete state graph is 1 (minimum is 0, the maximum 9 and the 95th percentile is 4).
Finished in 01s at (2026-09-26 16:03:40)
