TLC2 Version 2026.09.25.163503 (rev: 8f4bc8b)
Running breadth-first search Model-Checking with fp 62 and seed 1 with 1 worker on 64 cores with 14279MB heap and 64MB offheap memory [pid: 894961] (Linux 7.0.14-5-pve amd64, Debian 21.0.11 64bit, MSBDiskFPSet, DiskStateQueue).
Parsing file /var/tmp/tla-rs/models/non_bft/gpac/PACRecovery.tla
Parsing file /tmp/tlc-18020285143860116254/Naturals.tla (jar:file:/tmp/tla-rs-consensus-survey/tla2tools.jar!/tla2sany/StandardModules/Naturals.tla)
Parsing file /tmp/tlc-18020285143860116254/FiniteSets.tla (jar:file:/tmp/tla-rs-consensus-survey/tla2tools.jar!/tla2sany/StandardModules/FiniteSets.tla)
Parsing file /tmp/tlc-18020285143860116254/Sequences.tla (jar:file:/tmp/tla-rs-consensus-survey/tla2tools.jar!/tla2sany/StandardModules/Sequences.tla)
Parsing file /tmp/tlc-18020285143860116254/TLC.tla (jar:file:/tmp/tla-rs-consensus-survey/tla2tools.jar!/tla2sany/StandardModules/TLC.tla)
Parsing file /tmp/tlc-18020285143860116254/_TLCTrace.tla (jar:file:/tmp/tla-rs-consensus-survey/tla2tools.jar!/tla2sany/StandardModules/_TLCTrace.tla)
Parsing file /tmp/tlc-18020285143860116254/TLCExt.tla (jar:file:/tmp/tla-rs-consensus-survey/tla2tools.jar!/tla2sany/StandardModules/TLCExt.tla)
Parsing file /tmp/tlc-18020285143860116254/Integers.tla (jar:file:/tmp/tla-rs-consensus-survey/tla2tools.jar!/tla2sany/StandardModules/Integers.tla)
Semantic processing of module Naturals
Semantic processing of module Sequences
Semantic processing of module FiniteSets
Semantic processing of module TLC
Semantic processing of module Integers
Semantic processing of module TLCExt
Semantic processing of module _TLCTrace
Semantic processing of module PACRecovery
Linting of module TLCExt
Linting of module _TLCTrace
Linting of module PACRecovery
Starting... (2026-09-26 15:41:37)
Implied-temporal checking--satisfiability problem has 1 branches.
Computing initial states...
Finished computing initial states: 1 distinct state generated at 2026-09-26 15:41:37.
Progress(13) at 2026-09-26 15:41:37: 13 states generated, 13 distinct states found, 0 states left on queue.
Checking temporal properties for the complete state space with 13 total distinct states at (2026-09-26 15:41:37)
Finished checking temporal properties in 00s at 2026-09-26 15:41:37
Model checking completed. No error has been found.
  Estimates of the probability that TLC did not check all reachable states
  because two distinct states had the same fingerprint:
  calculated (optimistic):  val = 0.0
13 states generated, 13 distinct states found, 0 states left on queue.
The depth of the complete state graph search is 13.
The average outdegree of the complete state graph is 1 (minimum is 0, the maximum 1 and the 95th percentile is 1).
Finished in 00s at (2026-09-26 15:41:37)
