verification results:: 29 verified, 0 errors
TLC2 Version 2026.09.25.163503 (rev: 8f4bc8b)
Running breadth-first search Model-Checking with fp 42 and seed 1 with 1 worker on 64 cores with 1820MB heap and 64MB offheap memory [pid: 2058976] (Linux 7.0.14-5-pve amd64, Debian 21.0.11 64bit, MSBDiskFPSet, DiskStateQueue).
Parsing file /var/tmp/tla-rs/models/non_bft/jetpack/JetpackRecovery.tla
Parsing file /tmp/tlc-1151478633299067793/Integers.tla (jar:file:/tmp/tla-rs-consensus-survey/tla2tools.jar!/tla2sany/StandardModules/Integers.tla)
Parsing file /tmp/tlc-1151478633299067793/FiniteSets.tla (jar:file:/tmp/tla-rs-consensus-survey/tla2tools.jar!/tla2sany/StandardModules/FiniteSets.tla)
Parsing file /tmp/tlc-1151478633299067793/TLC.tla (jar:file:/tmp/tla-rs-consensus-survey/tla2tools.jar!/tla2sany/StandardModules/TLC.tla)
Parsing file /tmp/tlc-1151478633299067793/Naturals.tla (jar:file:/tmp/tla-rs-consensus-survey/tla2tools.jar!/tla2sany/StandardModules/Naturals.tla)
Parsing file /tmp/tlc-1151478633299067793/Sequences.tla (jar:file:/tmp/tla-rs-consensus-survey/tla2tools.jar!/tla2sany/StandardModules/Sequences.tla)
Semantic processing of module Naturals
Semantic processing of module Integers
Semantic processing of module Sequences
Semantic processing of module FiniteSets
Semantic processing of module TLC
Semantic processing of module JetpackRecovery
Linting of module JetpackRecovery
Starting... (2026-09-26 20:42:07)
Computing initial states...
Finished computing initial states: 1 distinct state generated at 2026-09-26 20:42:07.
Progress(14) at 2026-09-26 20:42:10: 200,151 states generated (200,151 s/min), 32,638 distinct states found (32,638 ds/min), 8,474 states left on queue.
Model checking completed. No error has been found.
  Estimates of the probability that TLC did not check all reachable states
  because two distinct states had the same fingerprint:
  calculated (optimistic):  val = 1.4E-9
  based on the actual fingerprints:  val = 2.2E-10
487468 states generated, 60975 distinct states found, 0 states left on queue.
The depth of the complete state graph search is 21.
The average outdegree of the complete state graph is 1 (minimum is 0, the maximum 9 and the 95th percentile is 3).
Finished in 06s at (2026-09-26 20:42:13)
