TLC2 Version 2.19 of 08 August 2024 (rev: 5a47802)
Running breadth-first search Model-Checking with fp 23 and seed 6796078903065411526 with 2 workers on 64 cores with 1820MB heap and 64MB offheap memory [pid: 2984785] (Linux 7.0.14-19-pve amd64, Debian 21.0.12.1 x86_64, MSBDiskFPSet, DiskStateQueue).
Parsing file /var/tmp/tlaps-bench-audit/open_addressing/Check.tla
Parsing file /var/tmp/tlaps-bench-audit/open_addressing/OpenAddressingDefs.tla
Parsing file /var/tmp/tlaps-bench-audit/open_addressing/OpenAddressingModel.tla
Parsing file /tmp/Sequences.tla
Parsing file /tmp/FiniteSets.tla
Parsing file /tmp/Integers.tla
Parsing file /tmp/Naturals.tla
Semantic processing of module Naturals
Semantic processing of module Sequences
Semantic processing of module FiniteSets
Semantic processing of module Integers
Semantic processing of module OpenAddressingModel
Semantic processing of module OpenAddressingDefs
Semantic processing of module Check
Starting... (2026-10-04 09:47:29)
Computing initial states...
Finished computing initial states: 1 distinct state generated at 2026-10-04 09:47:29.
Model checking completed. No error has been found.
  Estimates of the probability that TLC did not check all reachable states
  because two distinct states had the same fingerprint:
  calculated (optimistic):  val = 1.1E-14
903 states generated, 491 distinct states found, 0 states left on queue.
The depth of the complete state graph search is 18.
The average outdegree of the complete state graph is 1 (minimum is 0, the maximum 4 and the 95th percentile is 2).
Finished in 01s at (2026-10-04 09:47:29)
