note: verifying module TLAPSBench::etcd_commit_history

note: recommendation not met
  --> /tmp/tlaps-manual-control-kfpamnqv/src/protocol/TLAPSBench/etcd_commit_history.rs:70:9
   |
70 |         apply(state(g),c,Action::AdvanceCommit(i)).nodes[i].commit > state(g).nodes[i].commit
   |         ^^^^^^^^^^^^^^^^^^^^^^^^^^^^^^^^^^^^^^^^^^^^^^^^^^^
   |
  --> vstd/imap.rs:71:12
   |
   = note: recommendation not met

note: recommendation not met
  --> /tmp/tlaps-manual-control-kfpamnqv/src/protocol/TLAPSBench/etcd_commit_history.rs:70:70
   |
70 |         apply(state(g),c,Action::AdvanceCommit(i)).nodes[i].commit > state(g).nodes[i].commit
   |                                                                      ^^^^^^^^^^^^^^^^^
   |
  --> vstd/imap.rs:71:12
   |
   = note: recommendation not met

note: recommendation not met
  --> /tmp/tlaps-manual-control-kfpamnqv/src/protocol/TLAPSBench/etcd_commit_history.rs:73:81
   |
73 |     let s=state(g); let a=Action::AdvanceCommit(i); let u=advance(g,c,a); let n=s.nodes[i];
   |                                                                                 ^^^^^^^^^^
   |
  --> vstd/imap.rs:71:12
   |
   = note: recommendation not met

error: assertion failed
  --> /tmp/tlaps-manual-control-kfpamnqv/src/protocol/TLAPSBench/etcd_commit_history.rs:77:35
   |
77 |     let d=record(s,c,i,k); assert(quorum(d.quorum,c));
   |                                   ^^^^^^^^^^^^^^^^^^ assertion failed

verification results:: 7 verified, 1 errors
error: aborting due to 1 previous error

