TLC2 Version 2.19 of 08 August 2024 (rev: 5a47802)
Running breadth-first search Model-Checking with fp 99 and seed 6344625575120679275 with 1 worker on 64 cores with 962MB heap and 64MB offheap memory [pid: 3265898] (Linux 7.0.14-19-pve amd64, Debian 21.0.12.1 x86_64, MSBDiskFPSet, DiskStateQueue).
Parsing file /var/tmp/tla-rs-tlaps-bench/reports/tlaps_bench_manual/etcd_counterexample/CommitTerm.tla
Parsing file /var/tmp/tla-rs-tlaps-bench/reports/tlaps_bench_manual/etcd_counterexample/etcd_raftDefs.tla
Parsing file /var/tmp/tla-rs-tlaps-bench/reports/tlaps_bench_manual/etcd_counterexample/etcd_raftModel.tla
Parsing file /tmp/Naturals.tla
Parsing file /tmp/Integers.tla
Parsing file /tmp/Bags.tla
Parsing file /tmp/FiniteSets.tla
Parsing file /tmp/Sequences.tla
Parsing file /var/tmp/tlaps-bench-tools/CommunityModules/modules/SequencesExt.tla
Parsing file /var/tmp/tlaps-bench-tools/CommunityModules/modules/FiniteSetsExt.tla
Parsing file /var/tmp/tlaps-bench-tools/CommunityModules/modules/BagsExt.tla
Parsing file /tmp/TLC.tla
Parsing file /var/tmp/tlaps-bench-tools/CommunityModules/modules/Folds.tla
Parsing file /var/tmp/tlaps-bench-tools/CommunityModules/modules/Functions.tla
Semantic processing of module Naturals
Semantic processing of module Integers
Semantic processing of module Sequences
Semantic processing of module FiniteSets
Semantic processing of module TLC
Semantic processing of module Bags
Semantic processing of module Folds
Semantic processing of module Functions
Semantic processing of module FiniteSetsExt
Semantic processing of module SequencesExt
Semantic processing of module BagsExt
Semantic processing of module etcd_raftModel
Semantic processing of module etcd_raftDefs
Semantic processing of module CommitTerm
Starting... (2026-10-04 10:44:42)
Implied-temporal checking--satisfiability problem has 1 branches.
Computing initial states...
Finished computing initial states: 1 distinct state generated at 2026-10-04 10:44:42.
Progress(48) at 2026-10-04 10:44:43: 49 states generated, 48 distinct states found, 0 states left on queue.
Checking temporal properties for the complete state space with 48 total distinct states at (2026-10-04 10:44:43)
Finished checking temporal properties in 00s at 2026-10-04 10:44:43
Model checking completed. No error has been found.
  Estimates of the probability that TLC did not check all reachable states
  because two distinct states had the same fingerprint:
  calculated (optimistic):  val = 2.6E-18
49 states generated, 48 distinct states found, 0 states left on queue.
The depth of the complete state graph search is 48.
The average outdegree of the complete state graph is 1 (minimum is 0, the maximum 1 and the 95th percentile is 1).
Finished in 00s at (2026-10-04 10:44:43)
