Milestone 4 Completion Log - Fri Jan 23 11:28:50 AM EST 2026
Commit: 722e9ed

=== Milestone 4: Full RSL - COMPLETE ===

1. Transpiler Pattern Coverage:
   - 25 Verus examples verified
   - 152 total verifications, 0 errors
   - All major RSL protocol patterns covered

2. Main Codebase Verification:
   - Command: verus src/lib.rs --crate-type=lib
   - Result: 456 verified, 0 errors
   - 57 deprecation warnings (minor API changes)

3. C# FFI Integration:
   - FFI infrastructure already exists and works
   - C# side: DllImport in csharp/IronRSLServer/Program.cs
   - Rust side: #[no_mangle] exports in src/lib.rs
   - Functions: rsl_main_wrapper, allocate_buffer, free_buffer
   - Network I/O via callback functions from C#

4. Transpiler Tests:
   - Unit tests: 100 passed
   - Integration tests: 12 passed
   - Negative tests: 14 passed
   - Total: 126 tests passed, 0 failed

=== Summary ===
Milestone 4 is now complete. All RSL protocol patterns are tested and verified.
The C# FFI integration was found to already be in place and working.
