# Session Summary: 2026-01-25 (Continued)

## Session Part 2: 10:30 - 12:15

### Completed Tasks

1. **Fixed Generated Loop Code** (from previous session)
   - Completed verification with generated_loop_test.rs

2. **Added Custom Imports Generation to Transpiler**
   - Added `custom_imports` field to TranspilerConfig and OutputConfig
   - Modified transpile_file and transpile_source to output imports
   - Created src/protocol/RSL/transpile.toml with RSL-specific imports
   - Added 2 new tests for custom imports functionality
   - All 168 tests pass

3. **Generated Acceptor Compiles Standalone**
   - Generated src/implementation/RSL/generated_acceptor_v3.rs
   - Added module to mod.rs with #[cfg(test)]
   - Verifies with Verus: 456 verified, 0 errors

4. **Documented Manual Adjustments**
   - Created docs/dev/generated-code-integration.md
   - Covers struct definitions, View trait, method adaptation
   - Includes incremental integration strategy (Phases A/B/C)

5. **Analyzed Struct Generation Requirements**
   - TypeParser needs verus! block syntax support
   - View trait generation requires abstractable/valid/view functions
   - Marked as future work requiring significant complexity

### Commits Made (This Session Part)
1. 0c45aa7 - Add custom imports generation to transpiler
2. 249d0fd - Add generated acceptor module that verifies with Verus
3. ffd9743 - Document manual adjustments needed for generated code integration
4. 5c9f1c9 - Update TODO.md: clarify struct generation complexity

### Key Files Modified
- transpiler/src/config.rs - Added custom_imports to OutputConfig
- transpiler/src/lib.rs - Custom imports in transpile_file/transpile_source
- transpiler/src/main.rs - Pass custom_imports from TOML config
- src/protocol/RSL/transpile.toml - RSL-specific imports
- src/implementation/RSL/generated_acceptor_v3.rs - Generated code
- src/implementation/RSL/mod.rs - Added module reference
- docs/dev/generated-code-integration.md - Integration guide

### Test Results
- Transpiler: 168 tests pass
- Main codebase: 456 verified, 0 errors (Verus)

### Current Status

**Transpiler Core: COMPLETE**
- Generates verified exec functions for all 7 RSL acceptor methods
- Supports custom imports via TOML configuration
- Outputs valid Verus code that compiles and verifies

**Integration: FUTURE WORK**
- Struct definition generation (requires verus! block parsing)
- View trait generation
- &mut self wrapper methods
- Optimized variants

### Remaining TODO Items
1. Replace src/implementation/RSL/ with generated code (future work)
   - Sub-tasks identified, marked as significant complexity
2. Run full system tests with generated implementation
   - Depends on replacement being complete

### Summary
The transpiler is feature-complete for generating verified exec functions from
Verus spec predicates. The generated RSL acceptor code verifies with Verus.
Remaining work is integration (struct definitions, View traits, wrappers)
which requires either:
- Manual additions to generated code, or
- Significant transpiler enhancements (verus! block parsing, trait generation)
