# Session Summary: 2026-01-25 (06:45 - 10:30)

## Completed Tasks

### 1. Fixed Generated Loop Code Output Issues
- Fixed double dereference (*opn instead of **opn)
- Fixed empty match arms (None => {} instead of None => ,)
- Fixed redundant iterator binding
- Fixed double semicolons in comments

### 2. Fixed Proof Block and Assignment Printing
- Proof blocks now output compact format: proof{stmt};
- Assignment expressions (=) in proof blocks not wrapped in parentheses
- Added ProofBlock and ForInIter to statements with own semicolons

### 3. Verified Generated Loop Code with Verus
- Created transpiler/verus_examples/generated_loop_test.rs
- Successfully verified with Verus: 2 verified, 0 errors
- All 26 Verus examples pass (153 verified, 0 errors)

### 4. Integration Test Analysis
- Transpiler now generates all 7 CAcceptor methods
- Documented integration gap analysis

### 5. Fixed CLI Config Loading
- Fixed load_config() to parse TOML files using FileConfig::from_file()
- Convert FileConfig to TranspilerConfig, passing validity_predicate_name
- Created src/protocol/RSL/transpile.toml with RSL-specific settings

### 6. Phase 5 Gap Analysis
- Analyzed differences between generated (~170 lines) and manual (~785 lines)
- Documented 7 key areas requiring manual adaptation
- Recommended incremental update approach

## Commits Made
1. c9d4a29 - Fix generated loop code output issues  
2. f7c7e61 - Update TODO.md: mark integration test and loop verification complete
3. 8bcd64c - Fix CLI config loading to use TOML parser
4. ac09d3c - Add Phase 5 gap analysis for replacing manual implementation

## Test Results
- All 166 transpiler tests pass
- Main codebase: 456 verified, 0 errors
- All 26 Verus examples verify successfully

## Files Modified
- transpiler/src/printer/mod.rs - Proof block and assignment printing fixes
- transpiler/src/translator/mod.rs - expr_to_invariant_string dereference fix
- transpiler/src/main.rs - Config loading fix
- TODO.md - Task progress updates
- src/protocol/RSL/transpile.toml - New RSL transpiler config

## Files Created
- transpiler/verus_examples/generated_loop_test.rs - Verus verification test
- logs/20260125_1030_session_summary.log - This summary
