TLC2 Version 2.19 of 08 August 2024 (rev: 5a47802)
Running breadth-first search Model-Checking with fp 112 and seed 1541486475228237975 with 2 workers on 64 cores with 1820MB heap and 64MB offheap memory [pid: 2988580] (Linux 7.0.14-19-pve amd64, Debian 21.0.12.1 x86_64, MSBDiskFPSet, DiskStateQueue).
Parsing file /var/tmp/tlaps-bench-audit/open_addressing/Check.tla
Parsing file /var/tmp/tlaps-bench-audit/open_addressing/OpenAddressingDefs.tla
Parsing file /var/tmp/tlaps-bench-audit/open_addressing/OpenAddressingModel.tla
Parsing file /tmp/Sequences.tla
Parsing file /tmp/FiniteSets.tla
Parsing file /tmp/Integers.tla
Parsing file /tmp/Naturals.tla
Semantic processing of module Naturals
Semantic processing of module Sequences
Semantic processing of module FiniteSets
Semantic processing of module Integers
Semantic processing of module OpenAddressingModel
Semantic processing of module OpenAddressingDefs
Semantic processing of module Check
Starting... (2026-10-04 09:48:08)
Computing initial states...
Finished computing initial states: 1 distinct state generated at 2026-10-04 09:48:08.
Model checking completed. No error has been found.
  Estimates of the probability that TLC did not check all reachable states
  because two distinct states had the same fingerprint:
  calculated (optimistic):  val = 8.3E-12
24927 states generated, 13689 distinct states found, 0 states left on queue.
The depth of the complete state graph search is 82.
The average outdegree of the complete state graph is 1 (minimum is 0, the maximum 6 and the 95th percentile is 2).
Finished in 02s at (2026-10-04 09:48:10)
