Exists Quantifier Support Test Log
===================================
Date: Sat Jan 24 01:15:27 PM EST 2026
Commit: a5905c4

Task: Add exists quantifier support (transform to .any())

Changes Made:
- Added extract_exists_container_and_pred() helper function
- Modified Expr::Exists handling to generate .iter().any() calls
- Pattern: exists |x| container.contains(x) && pred(x)
- Output: container.iter().any(|x| pred(x))
- Added 2 unit tests for exists support

Test Results:
=============

running 109 tests
test annotation::tests::test_parse_function_line ... ok
test annotation::tests::test_parse_empty_module ... ok
test annotation::tests::test_parse_module ... ok
test annotation::tests::test_parse_multiple_modules ... ok
test annotation::tests::test_parse_with_comments ... ok
test ast::tests::test_parameter_mode ... ok
test ast::tests::test_path_construction ... ok
test annotation::tests::test_parse_simple_annotation ... ok
test ast::tests::test_variable_mode ... ok
test build_integration::tests::test_build_rs_template ... ok
test build_integration::tests::test_config_builder ... ok
test build_integration::tests::test_scons_helper ... ok
test build_integration::tests::test_default_config ... ok
test checker::tests::test_map_comprehension_value ... ok
test checker::tests::test_map_conditional_value ... ok
test checker::tests::test_map_domain_biconditional ... ok
test checker::tests::test_map_domain_biconditional_contains_key ... ok
test checker::tests::test_map_preservation ... ok
test checker::tests::test_saturation_check_fails ... ok
test checker::tests::test_saturation_check_passes ... ok
test checker::tests::test_seq_comprehension_simple ... ok
test checker::tests::test_seq_comprehension_upper_bound_only ... ok
test checker::tests::test_seq_comprehension_with_conjunction_bounds ... ok
test checker::tests::test_set_comprehension ... ok
test checker::tests::test_template_match_detailed_multiple_vars ... ok
test checker::tests::test_template_match_multiple_vars ... ok
test checker::tests::test_template_match_detailed_unrecognized ... ok
test checker::tests::test_template_match_non_forall ... ok
test checker::tests::test_validate_function ... ok
test codegen::template_codegen::tests::test_generate_copy ... ok
test codegen::template_codegen::tests::test_generate_simple_assignment ... ok
test codegen::tests::test_generate_simple_struct ... ok
test codegen::tests::test_generate_enum ... ok
test codegen::tests::test_generate_struct_with_collections ... ok
test codegen::tests::test_generate_struct_with_primitives ... ok
test codegen::tests::test_naming_config_get_exec_type ... ok
test codegen::tests::test_translate_type ... ok
test config::tests::test_default_config ... ok
test config::tests::test_get_exec_type_with_prefix ... ok
test config::tests::test_get_exec_type_without_prefix ... ok
test config::tests::test_get_exec_type_with_remapping ... ok
test error::tests::test_diagnostic_accumulator ... ok
test config::tests::test_module_config ... ok
test config::tests::test_parse_toml ... ok
test config::tests::test_roundtrip_toml ... ok
test moder::tests::test_analyze_conditional ... ok
test error::tests::test_into_result_with_errors ... ok
test error::tests::test_into_result_without_errors ... ok
test moder::tests::test_analyze_conjunction ... ok
test moder::tests::test_analyze_field_assignment ... ok
test moder::tests::test_analyze_simple_equality ... ok
test moder::tests::test_annotate_function ... ok
test moder::tests::test_assignment_tracker ... ok
test moder::tests::test_detect_branch_mismatch_conflict ... ok
test moder::tests::test_member_path ... ok
test moder::tests::test_detect_input_assignment_conflict ... ok
test moder::tests::test_no_conflict_valid_expression ... ok
test parser::tests::test_parse_arrow_operator ... ok
test parser::tests::test_parse_forall_with_trigger ... ok
test parser::tests::test_parse_ghost_parameter ... ok
test parser::tests::test_parse_spec_fn_with_conjunction ... ok
test parser::tests::test_parse_simple_spec_fn ... ok
test parser::tests::test_parse_spec_fn_with_if ... ok
test parser::tests::test_parse_spec_fn_with_forall ... ok
test parser::tests::test_parse_requires_ensures_decreases ... ok
test parser::tests::test_parse_struct_construction ... ok
test parser::tests::test_parser_creation ... ok
test parser::tests::test_parse_view_operator ... ok
test printer::tests::test_printer_basic ... ok
test runtime::tests::test_view_hashmap ... ok
test templates::tests::test_simple_assignment_match ... ok
test types::tests::test_parse_simple_struct ... ok
test types::tests::test_register_struct ... ok
test parser::tests::test_parse_struct_construction_in_condition ... ok
test parser::tests::test_parse_tracked_parameter ... ok
test runtime::tests::test_deep_clone_hashmap ... ok
test runtime::tests::test_deep_clone_vec ... ok
test templates::tests::test_struct_construction_match ... ok
test translator::tests::test_extract_exists_container_and_pred ... ok
test tests::test_transpiler_creation ... ok
test translator::tests::test_transform_clone_output ... ok
test translator::tests::test_transform_field_access ... ok
test translator::tests::test_transform_seq_empty ... ok
test translator::tests::test_translate_name ... ok
test types::tests::test_parse_generic_struct ... ok
test runtime::tests::test_view_vec ... ok
test runtime::tests::test_validated_valid ... ok
test runtime::tests::test_validated_invalid ... ok
test runtime::tests::test_deep_clone_primitive ... ok
test translator::tests::test_transform_if_else ... ok
test templates::tests::test_match_expression_confidence ... ok
test runtime::tests::test_view_option ... ok
test translator::tests::test_exec_type_to_string ... ok
test runtime::tests::test_validated_view ... ok
test templates::tests::test_unrecognized_pattern ... ok
test templates::tests::test_seq_comprehension_match ... ok
test translator::tests::test_extract_source_from_conditional_value ... ok
test translator::tests::test_transform_binary_comparison ... ok
test translator::tests::test_transform_literal ... ok
test types::tests::test_register_enum ... ok
test runtime::tests::test_view_primitive ... ok
test types::tests::test_parse_enum ... ok
test translator::tests::test_extract_source_dom_contains ... ok
test translator::tests::test_translate_type ... ok
test types::tests::test_exec_type_name ... ok
test translator::tests::test_exists_with_container_contains ... ok
test translator::tests::test_extract_source_and_filter ... ok
test types::tests::test_registry_creation ... ok
test types::tests::test_parse_type_alias ... ok

test result: ok. 109 passed; 0 failed; 0 ignored; 0 measured; 0 filtered out; finished in 0.02s


running 1 test
test tests::test_cli_parsing ... ok

test result: ok. 1 passed; 0 failed; 0 ignored; 0 measured; 0 filtered out; finished in 0.00s


running 12 tests
test test_expression_transformation ... ok
test test_code_generation_struct ... ok
test test_assignment_tracker ... ok
test test_mode_annotation_parsing ... ok
test test_error_types ... ok
test test_printer_output ... ok
test test_full_transpilation_simple ... ok
test test_template_matching_seq_comprehension ... ok
test test_template_matching_struct_construction ... ok
test test_transpiler_pipeline ... ok
test test_type_registry_operations ... ok
test test_type_translation ... ok

test result: ok. 12 passed; 0 failed; 0 ignored; 0 measured; 0 filtered out; finished in 0.00s


running 14 tests
test test_diagnostic_accumulator_collects_all_errors ... ok
test test_annotation_wrong_parameter_count ... ok
test test_error_messages_have_suggestions ... ok
test test_error_messages_contain_context ... ok
test test_input_assignment_conflict ... ok
test test_invalid_annotation_syntax ... ok
test test_saturation_missing_field_assignment ... ok
test test_missing_annotation_for_function ... ok
test test_saturation_no_assignments ... ok
test test_translator_exists_not_supported ... ok
test test_unsupported_quantifier_complex_body ... ok
test test_translator_forall_without_template ... ok
test test_unsupported_quantifier_multiple_vars ... ok
test test_use_before_assignment_conflict ... ok

test result: ok. 14 passed; 0 failed; 0 ignored; 0 measured; 0 filtered out; finished in 0.00s


running 3 tests
test src/build_integration/mod.rs - build_integration::run_build (line 80) ... ignored
test src/lib.rs - (line 18) ... ignored
test src/runtime/mod.rs - runtime::View (line 25) ... ignored

test result: ok. 0 passed; 0 failed; 3 ignored; 0 measured; 0 filtered out; finished in 0.00s


Proposer.rs Output (first 80 lines):
=====================================
// Auto-generated by verus-transpiler
// DO NOT EDIT MANUALLY

verus! {

pub exec fn CProposerInit(c: &CReplicaConstants) -> (result: CProposer)
requires
    c.well_formed(),
ensures
    result.well_formed(),
    LProposerInit(result@, c@),
{
(CProposer {
    constants: c,
    current_state: 0,
    request_queue: Cempty(),
    max_ballot_i_sent_1a: CBallot {
        seqno: 0,
        proposer_id: c.my_index,
    },
    next_operation_number_to_propose: 0,
    received_1b_packets: Cempty(),
    highest_seqno_requested_by_client_this_view: Cempty(),
}, CElectionStateInit(s.election_state, c), (s.incomplete_batch_timer is IncompleteBatchTimerOff))
}

pub exec fn CProposerProcessRequest(s: &CProposer, packet: &CRslPacket) -> (result: CProposer)
requires
    s.well_formed(),
    packet.well_formed(),
ensures
    result.well_formed(),
    LProposerProcessRequest(s@, result@, packet@),
{
    let val = CRequest {
        client: packet.src,
        seqno: packet.msg.get_seqno_req(),
        request: packet.msg.get_val(),
    };
        CElectionStateReflectReceivedRequest(s.election_state, s_.election_state, val)
    if ((s.current_state != 0) && (!s.highest_seqno_requested_by_client_this_view.contains_key(val.client) || (val.seqno > s.highest_seqno_requested_by_client_this_view.index(val.client)))) {
        CProposer {
            constants: s.constants,
            current_state: s.current_state,
            request_queue: (s.request_queue + vec![val]),
            max_ballot_i_sent_1a: s.max_ballot_i_sent_1a,
            next_operation_number_to_propose: s.next_operation_number_to_propose,
            received_1b_packets: s.received_1b_packets,
            highest_seqno_requested_by_client_this_view: s.highest_seqno_requested_by_client_this_view.insert(val.client, val.seqno),
            incomplete_batch_timer: s.incomplete_batch_timer,
            election_state: s_.election_state,
        }
    } else {
        CProposer {
            constants: s.constants,
            current_state: s.current_state,
            request_queue: s.request_queue,
            max_ballot_i_sent_1a: s.max_ballot_i_sent_1a,
            next_operation_number_to_propose: s.next_operation_number_to_propose,
            received_1b_packets: s.received_1b_packets,
            highest_seqno_requested_by_client_this_view: s.highest_seqno_requested_by_client_this_view,
            incomplete_batch_timer: s.incomplete_batch_timer,
            election_state: s_.election_state,
        }
    }


}

pub exec fn CProposerMaybeEnterNewViewAndSend1a(s: &CProposer) -> (result: (CProposer, Vec<CRslPacket>))
requires
    s.well_formed(),
ensures
    result.0.well_formed(),
    result.1.well_formed(),
    LProposerMaybeEnterNewViewAndSend1a(s@, result.0@, result.1@),
{
if ((s.election_state.current_view.proposer_id == s.constants.my_index) && CBalLt(s.max_ballot_i_sent_1a, s.election_state.current_view)) {
                CProposer {
            constants: s.constants,
