note: automatically chose triggers for this expression:
 --> src/probe.rs:9:5
  |
9 |     forall|i: int| 0 <= i < n ==> f(i) == g(i)
  |     ^^^^^^^^^^^^^^^^^^^^^^^^^^^^^^^^^^^^^^^^^^

note:   trigger 1 of 2:
 --> src/probe.rs:9:35
  |
9 |     forall|i: int| 0 <= i < n ==> f(i) == g(i)
  |                                   ^^^^

note:   trigger 2 of 2:
 --> src/probe.rs:9:43
  |
9 |     forall|i: int| 0 <= i < n ==> f(i) == g(i)
  |                                           ^^^^

note: automatically chose triggers for this expression:
  --> src/probe.rs:13:5
   |
13 |     forall|i: int, j: int| 0 <= i < n && 0 <= j < n ==> f(i) + g(j) == 0
   |     ^^^^^^^^^^^^^^^^^^^^^^^^^^^^^^^^^^^^^^^^^^^^^^^^^^^^^^^^^^^^^^^^^^^^

note:   trigger 1 of 1:
  --> src/probe.rs:13:57
   |
13 |     forall|i: int, j: int| 0 <= i < n && 0 <= j < n ==> f(i) + g(j) == 0
   |                                                         ^^^^   ^^^^

note: automatically chose triggers for this expression:
  --> src/probe.rs:18:13
   |
18 |     ensures exists|k: int| f(k) == g(k) || k == n,
   |             ^^^^^^^^^^^^^^^^^^^^^^^^^^^^^^^^^^^^^

note:   trigger 1 of 2:
  --> src/probe.rs:18:28
   |
18 |     ensures exists|k: int| f(k) == g(k) || k == n,
   |                            ^^^^

note:   trigger 2 of 2:
  --> src/probe.rs:18:36
   |
18 |     ensures exists|k: int| f(k) == g(k) || k == n,
   |                                    ^^^^

verification results:: 2 verified, 0 errors
